../Drivers/STM32WBxx_HAL_Driver/Inc/stm32wbxx_ll_system.h:2221:26:LL_FLASH_GetUDN	4	static
../Drivers/STM32WBxx_HAL_Driver/Inc/stm32wbxx_ll_system.h:2233:26:LL_FLASH_GetDeviceID	4	static
../Drivers/STM32WBxx_HAL_Driver/Inc/stm32wbxx_ll_system.h:2245:26:LL_FLASH_GetSTCompanyID	4	static
../STM32_WPAN/App/app_ble.c:252:6:APP_BLE_Init	80	static
../STM32_WPAN/App/app_ble.c:395:28:SVCCTL_App_Notification	72	static
../STM32_WPAN/App/app_ble.c:691:22:APP_BLE_Get_Server_Connection_Status	4	static
../STM32_WPAN/App/app_ble.c:705:13:Ble_Tl_Init	16	static
../STM32_WPAN/App/app_ble.c:716:13:Ble_Hci_Gap_Gatt_Init	72	static
../STM32_WPAN/App/app_ble.c:1009:13:Adv_Request	56	static
../STM32_WPAN/App/app_ble.c:1049:16:BleGetBdAddress	32	static
../STM32_WPAN/App/app_ble.c:1106:13:Adv_Cancel	16	static
../STM32_WPAN/App/app_ble.c:1138:6:BLE_SVC_L2CAP_Conn_Update	48	static
../STM32_WPAN/App/app_ble.c:1176:13:Connection_Interval_Update_Req	8	static
../STM32_WPAN/App/app_ble.c:1188:6:APP_BLE_Key_Button1_Action	8	static
../STM32_WPAN/App/app_ble.c:1192:6:APP_BLE_Key_Button2_Action	8	static
../STM32_WPAN/App/app_ble.c:1196:6:APP_BLE_Key_Button3_Action	8	static
../STM32_WPAN/App/app_ble.c:1200:6:APP_BLE_Key_Tim_Action	8	static
../STM32_WPAN/App/app_ble.c:1210:6:hci_notify_asynch_evt	16	static
../STM32_WPAN/App/app_ble.c:1217:6:hci_cmd_resp_release	16	static
../STM32_WPAN/App/app_ble.c:1224:6:hci_cmd_resp_wait	16	static
../STM32_WPAN/App/app_ble.c:1231:13:BLE_UserEvtRx	24	static
../STM32_WPAN/App/app_ble.c:1251:13:BLE_StatusNot	24	static
../STM32_WPAN/App/app_ble.c:1290:6:SVCCTL_ResumeUserEventFlow	8	static
