../Drivers/STM32WBxx_HAL_Driver/Inc/stm32wbxx_ll_rcc.h:1675:22:LL_RCC_LSE_SetDriveCapability	16	static
../Drivers/STM32WBxx_HAL_Driver/Inc/stm32wbxx_ll_bus.h:364:22:LL_AHB1_GRP1_EnableClock	24	static
../Drivers/STM32WBxx_HAL_Driver/Inc/stm32wbxx_ll_bus.h:539:22:LL_AHB2_GRP1_EnableClock	24	static
../Core/Src/main.c:82:5:main	8	static
../Core/Src/main.c:145:6:SystemClock_Config	112	static
../Core/Src/main.c:212:6:PeriphCommonClock_Config	88	static
../Core/Src/main.c:237:13:MX_I2C3_Init	8	static
../Core/Src/main.c:285:13:MX_IPCC_Init	8	static
../Core/Src/main.c:311:13:MX_RF_Init	4	static
../Core/Src/main.c:332:13:MX_RTC_Init	8	static
../Core/Src/main.c:375:13:MX_TIM16_Init	8	static
../Core/Src/main.c:407:6:MX_USART1_UART_Init	8	static
../Core/Src/main.c:455:13:MX_USB_PCD_Init	8	static
../Core/Src/main.c:486:13:MX_DMA_Init	8	static
../Core/Src/main.c:505:13:MX_GPIO_Init	32	static
../Core/Src/main.c:592:6:Error_Handler	4	static,ignoring_inline_asm
